<?xml version="1.0" encoding="UTF-8"?>
<testsuites name="Mocha Tests" time="0.11900000000000001" tests="14" failures="0">
  <testsuite name="Root Suite" timestamp="2016-06-24T11:24:30" tests="0" failures="0" time="0">
  </testsuite>
  <testsuite name="component &lt;LayoutMain /&gt;" timestamp="2016-06-24T11:24:30" tests="1" failures="0" time="0.049">
    <testcase name="Root Suite component &lt;LayoutMain /&gt; can render childs" time="0.049" classname="can render childs">
    </testcase>
  </testsuite>
  <testsuite name="component &lt;LayoutMain /&gt;" timestamp="2016-06-24T11:24:30" tests="1" failures="0" time="0.021">
    <testcase name="Root Suite component &lt;LayoutMain /&gt; can render childs" time="0.021" classname="can render childs">
    </testcase>
  </testsuite>
  <testsuite name="component &lt;NotFound /&gt;" timestamp="2016-06-24T11:24:30" tests="1" failures="0" time="0.003">
    <testcase name="Root Suite component &lt;NotFound /&gt; can render the component" time="0.003" classname="can render the component">
    </testcase>
  </testsuite>
  <testsuite name="component &lt;ProductItem /&gt;" timestamp="2016-06-24T11:24:30" tests="1" failures="0" time="0.012">
    <testcase name="Root Suite component &lt;ProductItem /&gt; can render a product" time="0.012" classname="can render a product">
    </testcase>
  </testsuite>
  <testsuite name="component &lt;ProductList /&gt;" timestamp="2016-06-24T11:24:30" tests="4" failures="0" time="0.028">
    <testcase name="Root Suite component &lt;ProductList /&gt; can render a title" time="0" classname="can render a title">
    </testcase>
    <testcase name="Root Suite component &lt;ProductList /&gt; can render childs" time="0.001" classname="can render childs">
    </testcase>
    <testcase name="Root Suite component &lt;ProductList /&gt; can render a addProduct button" time="0" classname="can render a addProduct button">
    </testcase>
    <testcase name="Root Suite component &lt;ProductList /&gt; can handle addProduct" time="0.027" classname="can handle addProduct">
    </testcase>
  </testsuite>
  <testsuite name="reducer products" timestamp="2016-06-24T11:24:30" tests="5" failures="0" time="0.003">
    <testcase name="Root Suite reducer products can add products" time="0.001" classname="can add products">
    </testcase>
    <testcase name="Root Suite reducer products can not add an existing product" time="0" classname="can not add an existing product">
    </testcase>
    <testcase name="Root Suite reducer products can delete a product" time="0.001" classname="can delete a product">
    </testcase>
    <testcase name="Root Suite reducer products can delete a product from many" time="0.001" classname="can delete a product from many">
    </testcase>
    <testcase name="Root Suite reducer products can add many products" time="0" classname="can add many products">
    </testcase>
  </testsuite>
  <testsuite name="store" timestamp="2016-06-24T11:24:30" tests="1" failures="0" time="0.003">
    <testcase name="Root Suite store can dispatch product actions" time="0.003" classname="can dispatch product actions">
    </testcase>
  </testsuite>
</testsuites>